Microchip MPLAB XC8 Compiler V2.36

Linker command line:

-W-3 --edf=C:\Program Files\Microchip\xc8\v2.36\pic\dat\en_msgs.txt -cn \
  -h+dist/default/production\lab.X.production.sym \
  --cmf=dist/default/production\lab.X.production.cmf -z -Q16F1619 \
  -oC:\Users\Avell\AppData\Local\Temp\xcAs8fk.4 --defsym=__MPLAB_BUILD=1 \
  -Mdist/default/production/lab.X.production.map \
  --md=C:\Users\Avell\AppData\Local\Temp\xcAs8fk.dat -E1 -ver=XC8 Compiler \
  --acfsm=1493 -ACODE=00h-07FFhx4 -ASTRCODE=00h-01FFFh -ASTRING=00h-0FFhx32 \
  -ACONST=00h-0FFhx32 -AENTRY=00h-0FFhx32 -ACOMMON=070h-07Fh \
  -ABANK0=020h-06Fh -ABANK1=0A0h-0EFh -ABANK2=0120h-016Fh \
  -ABANK3=01A0h-01EFh -ABANK4=0220h-026Fh -ABANK5=02A0h-02EFh \
  -ABANK6=0320h-036Fh -ABANK7=03A0h-03EFh -ABANK8=0420h-046Fh \
  -ABANK9=04A0h-04EFh -ABANK10=0520h-056Fh -ABANK11=05A0h-05EFh \
  -ABANK12=0620h-064Fh -ABIGRAM=02000h-023EFh \
  -ARAM=020h-06Fh,0A0h-0EFh,0120h-016Fh,01A0h-01EFh,0220h-026Fh,02A0h-02EFh,0320h-036Fh,03A0h-03EFh,0420h-046Fh,04A0h-04EFh,0520h-056Fh,05A0h-05EFh,0620h-064Fh \
  -AABS1=020h-07Fh,0A0h-0EFh,0120h-016Fh,01A0h-01EFh,0220h-026Fh,02A0h-02EFh,0320h-036Fh,03A0h-03EFh,0420h-046Fh,04A0h-04EFh,0520h-056Fh,05A0h-05EFh,0620h-064Fh \
  -ASFR0=00h-01Fh -ASFR1=080h-09Fh -ASFR2=0100h-011Fh -ASFR3=0180h-019Fh \
  -ASFR4=0200h-021Fh -ASFR5=0280h-029Fh -ASFR6=0300h-031Fh \
  -ASFR7=0380h-039Fh -ASFR8=0400h-041Fh -ASFR9=0480h-049Fh \
  -ASFR10=0500h-051Fh -ASFR11=0580h-059Fh -ASFR12=0600h-061Fh \
  -ASFR13=0680h-06EFh -ASFR14=0700h-076Fh -ASFR15=0780h-07EFh \
  -ASFR16=0800h-086Fh -ASFR17=0880h-08EFh -ASFR18=0900h-096Fh \
  -ASFR19=0980h-09EFh -ASFR20=0A00h-0A6Fh -ASFR21=0A80h-0AEFh \
  -ASFR22=0B00h-0B6Fh -ASFR23=0B80h-0BEFh -ASFR24=0C00h-0C6Fh \
  -ASFR25=0C80h-0CEFh -ASFR26=0D00h-0D6Fh -ASFR27=0D80h-0DEFh \
  -ASFR28=0E00h-0E6Fh -ASFR29=0E80h-0EEFh -ASFR30=0F00h-0F6Fh \
  -ASFR31=0F80h-0FEFh -ACONFIG=08007h-08009h -DCONFIG=2 \
  -AIDLOC=08000h-08003h -DIDLOC=2 -DCODE=2 -DSTRCODE=2 -DSTRING=2 -DCONST=2 \
  -DENTRY=2 -preset_vec=00h,intentry=04h,init,end_init -ppowerup=CODE \
  -pcinit=CODE -pfunctab=ENTRY -k \
  C:\Users\Avell\AppData\Local\Temp\xcAs8fk.o \
  dist/default/production\lab.X.production.o 

Object code version is 3.11

Machine type is 16F1619



                Name                               Link     Load   Length Selector   Space Scale
C:\Users\Avell\AppData\Local\Temp\xcAs8fk.o
                end_init                             19       19        2        8       0
                reset_vec                             0        0        2        0       0
                config                             8007     8007        3        0       4
                idloc                              8000     8000        4        0       5
dist/default/production\lab.X.production.o
                cinit                                1B       1B        E        8       0
                intentry                              4        4       15        8       0
                config                             8007     8007        3        0       4
                idloc                              8000     8000        4        0       5
                text29                              357      357        1      5CE       0
                text28                              267      267       1B        8       0
                text27                              2C6      2C6       11        8       0
                text26                              303      303        D      5CE       0
                text24                              354      354        3      5CE       0
                text23                               A5       A5       54        8       0
                text22                              34F      34F        5      5CE       0
                text21                              149      149       44        8       0
                text20                              34A      34A        5      5CE       0
                text19                              310      310        A      5CE       0
                text18                              33F      33F        6      5CE       0
                text17                              18D      18D       42        8       0
                text16                               29       29       7C        8       0
                text15                              201      201       28        8       0
                text14                              2B4      2B4       12        8       0
                text13                              24C      24C       1B        8       0
                text12                              345      345        5      5CE       0
                text11                              2E7      2E7        F      5CE       0
                text10                               F9       F9       50        8       0
                text9                               339      339        6      5CE       0
                text8                               333      333        6      5CE       0
                text7                               32D      32D        6      5CE       0
                text6                               229      229       23        8       0
                text5                               31A      31A        7      5CE       0
                text4                               1CF      1CF       32        8       0
                text3                               327      327        6      5CE       0
                text2                               29C      29C       18        8       0
                text1                               2F6      2F6        D      5CE       0
                maintext                            282      282       1A        8       0
                cstackBANK0                          4F       4F       18       20       1
                cstackCOMMON                         70       70        A       70       1
                cstackBANK1                          A2       A2        2       A0       1
                clrtext                             321      321        6      5CE       0
                bssBANK0                             20       20       2F       20       1
                bssCOMMON                            7A       7A        2       70       1
                stringtext1                         2D7      2D7       10      5AE       0
                nvBANK1                              A0       A0        2       A0       1
                nvBANK0                              67       67        8       20       1

TOTAL           Name                               Link     Load   Length     Space
        CLASS   CODE           
                end_init                             19       19        2         0
                cinit                                1B       1B        E         0
                intentry                              4        4       15         0
                reset_vec                             0        0        2         0
                text29                              357      357        1         0
                text28                              267      267       1B         0
                text27                              2C6      2C6       11         0
                text26                              303      303        D         0
                text24                              354      354        3         0
                text23                               A5       A5       54         0
                text22                              34F      34F        5         0
                text21                              149      149       44         0
                text20                              34A      34A        5         0
                text19                              310      310        A         0
                text18                              33F      33F        6         0
                text17                              18D      18D       42         0
                text16                               29       29       7C         0
                text15                              201      201       28         0
                text14                              2B4      2B4       12         0
                text13                              24C      24C       1B         0
                text12                              345      345        5         0
                text11                              2E7      2E7        F         0
                text10                               F9       F9       50         0
                text9                               339      339        6         0
                text8                               333      333        6         0
                text7                               32D      32D        6         0
                text6                               229      229       23         0
                text5                               31A      31A        7         0
                text4                               1CF      1CF       32         0
                text3                               327      327        6         0
                text2                               29C      29C       18         0
                text1                               2F6      2F6        D         0
                maintext                            282      282       1A         0
                clrtext                             321      321        6         0

        CLASS   STRCODE        
                stringtext1                         2D7      2D7       10         0

        CLASS   STRING         

        CLASS   CONST          

        CLASS   ENTRY          

        CLASS   COMMON         
                cstackCOMMON                         70       70        A         1
                bssCOMMON                            7A       7A        2         1

        CLASS   BANK0          
                cstackBANK0                          4F       4F       18         1
                bssBANK0                             20       20       2F         1
                nvBANK0                              67       67        8         1

        CLASS   BANK1          
                cstackBANK1                          A2       A2        2         1
                nvBANK1                              A0       A0        2         1

        CLASS   BANK2          

        CLASS   BANK3          

        CLASS   BANK4          

        CLASS   BANK5          

        CLASS   BANK6          

        CLASS   BANK7          

        CLASS   BANK8          

        CLASS   BANK9          

        CLASS   BANK10         

        CLASS   BANK11         

        CLASS   BANK12         

        CLASS   BIGRAM         

        CLASS   RAM            

        CLASS   ABS1           
                abs_s1                               7E       7E        2         1

        CLASS   SFR0           

        CLASS   SFR1           

        CLASS   SFR2           

        CLASS   SFR3           

        CLASS   SFR4           

        CLASS   SFR5           

        CLASS   SFR6           

        CLASS   SFR7           

        CLASS   SFR8           

        CLASS   SFR9           

        CLASS   SFR10          

        CLASS   SFR11          

        CLASS   SFR12          

        CLASS   SFR13          

        CLASS   SFR14          

        CLASS   SFR15          

        CLASS   SFR16          

        CLASS   SFR17          

        CLASS   SFR18          

        CLASS   SFR19          

        CLASS   SFR20          

        CLASS   SFR21          

        CLASS   SFR22          

        CLASS   SFR23          

        CLASS   SFR24          

        CLASS   SFR25          

        CLASS   SFR26          

        CLASS   SFR27          

        CLASS   SFR28          

        CLASS   SFR29          

        CLASS   SFR30          

        CLASS   SFR31          

        CLASS   CONFIG         
                config                             8007     8007        3         4

        CLASS   IDLOC          
                idloc                              8000     8000        4         5

        CLASS   BANK31         

        CLASS   BANK30         

        CLASS   BANK29         

        CLASS   BANK28         

        CLASS   BANK27         

        CLASS   BANK26         

        CLASS   BANK25         

        CLASS   BANK24         

        CLASS   BANK23         

        CLASS   BANK22         

        CLASS   BANK21         

        CLASS   BANK20         

        CLASS   BANK19         

        CLASS   BANK18         

        CLASS   BANK17         

        CLASS   BANK16         

        CLASS   BANK15         

        CLASS   BANK14         

        CLASS   BANK13         

        CLASS   HEAP           

        CLASS   STACK          

        CLASS   EEDATA         



SEGMENTS        Name                           Load    Length   Top    Selector   Space  Class     Delta

                reset_vec                      000000  000002  000002         0       0  CODE        2
                intentry                       000004  0002D3  0002D7         8       0  CODE        2
                bssBANK0                       000020  00004F  00006F        20       1  BANK0       1
                cstackCOMMON                   000070  00000C  00007C        70       1  COMMON      1
                nvBANK1                        0000A0  000004  0000A4        A0       1  BANK1       1
                stringtext1                    0002D7  000010  0002E7       5AE       0  STRCODE     2
                text11                         0002E7  000071  000358       5CE       0  CODE        2


UNUSED ADDRESS RANGES

        Name                Unused          Largest block    Delta
        BANK0            0006F-0006F               1           1
        BANK1            000A4-000EF              4C           1
        BANK10           00520-0056F              50           1
        BANK11           005A0-005EF              50           1
        BANK12           00620-0064F              30           1
        BANK2            00120-0016F              50           1
        BANK3            001A0-001EF              50           1
        BANK4            00220-0026F              50           1
        BANK5            002A0-002EF              50           1
        BANK6            00320-0036F              50           1
        BANK7            003A0-003EF              50           1
        BANK8            00420-0046F              50           1
        BANK9            004A0-004EF              50           1
        BIGRAM           02000-023EF             3F0           1
        CODE             00002-00003               2           2
                         00358-01FFF             800
        COMMON           0007C-0007D               2           1
        CONST            00002-00003               2           2
                         00358-01FFF             100
        ENTRY            00002-00003               2           2
                         00358-01FFF             100
        RAM              0006F-0006F               1           1
                         000A4-000EF              4C
                         00120-0016F              50
                         001A0-001EF              50
                         00220-0026F              50
                         002A0-002EF              50
                         00320-0036F              50
                         003A0-003EF              50
                         00420-0046F              50
                         004A0-004EF              50
                         00520-0056F              50
                         005A0-005EF              50
                         00620-0064F              30
        SFR0             00000-0001F              20           1
        SFR1             00080-0009F              20           1
        SFR10            00500-0051F              20           1
        SFR11            00580-0059F              20           1
        SFR12            00600-0061F              20           1
        SFR13            00680-006EF              70           1
        SFR14            00700-0076F              70           1
        SFR15            00780-007EF              70           1
        SFR16            00800-0086F              70           1
        SFR17            00880-008EF              70           1
        SFR18            00900-0096F              70           1
        SFR19            00980-009EF              70           1
        SFR2             00100-0011F              20           1
        SFR20            00A00-00A6F              70           1
        SFR21            00A80-00AEF              70           1
        SFR22            00B00-00B6F              70           1
        SFR23            00B80-00BEF              70           1
        SFR24            00C00-00C6F              70           1
        SFR25            00C80-00CEF              70           1
        SFR26            00D00-00D6F              70           1
        SFR27            00D80-00DEF              70           1
        SFR28            00E00-00E6F              70           1
        SFR29            00E80-00EEF              70           1
        SFR3             00180-0019F              20           1
        SFR30            00F00-00F6F              70           1
        SFR31            00F80-00FEF              70           1
        SFR4             00200-0021F              20           1
        SFR5             00280-0029F              20           1
        SFR6             00300-0031F              20           1
        SFR7             00380-0039F              20           1
        SFR8             00400-0041F              20           1
        SFR9             00480-0049F              20           1
        STRCODE          00002-00003               2           2
                         00358-01FFF            1CA8
        STRING           00002-00003               2           2
                         00358-01FFF             100

                                  Symbol Table

?_printf                                       cstackBANK0  00061
?_vfpfcnvrt                                    cstackBANK0  00054
?_vfprintf                                     cstackBANK0  0005B
EUSART_SetErrorHandler@interruptHandler        cstackCOMMON 00072
EUSART_SetFramingErrorHandler@interruptHandler cstackCOMMON 00072
EUSART_SetOverrunErrorHandler@interruptHandler cstackCOMMON 00072
EUSART_Write@txData                            cstackCOMMON 00072
TMR1_SetInterruptHandler@InterruptHandler      cstackCOMMON 00072
TMR1_WriteTimer@timerVal                       cstackCOMMON 00070
_ANSELA                                        (abs)        0018C
_ANSELB                                        (abs)        0018D
_ANSELC                                        (abs)        0018E
_APP_KEY_Initialize                            text24       00354
_APP_KEY_Tasks                                 text23       000A5
_APP_LED_Initialize                            text22       0034F
_APP_LED_Tasks                                 text21       00149
_APP_UART_Initialize                           text20       0034A
_APP_UART_Tasks                                text10       000F9
_BAUD1CON                                      (abs)        0019F
_BORCON                                        (abs)        00116
_DecodeSerial                                  text13       0024C
_EUSART_DefaultErrorHandler                    (abs)        00000
_EUSART_DefaultFramingErrorHandler             (abs)        00000
_EUSART_DefaultOverrunErrorHandler             (abs)        00000
_EUSART_ErrorHandler                           nvBANK1      000A0
_EUSART_FramingErrorHandler                    nvBANK0      00069
_EUSART_Initialize                             text6        00229
_EUSART_OverrunErrorHandler                    nvBANK0      00067
_EUSART_SetErrorHandler                        text9        00339
_EUSART_SetFramingErrorHandler                 text8        00333
_EUSART_SetOverrunErrorHandler                 text7        0032D
_EUSART_Write                                  text19       00310
_EUSART_is_rx_ready                            text12       00345
_EUSART_is_tx_ready                            text11       002E7
_EUSART_is_tx_ready$550                        cstackCOMMON 00072
_INLVLA                                        (abs)        0038C
_INLVLB                                        (abs)        0038D
_INLVLC                                        (abs)        0038E
_INTCONbits                                    (abs)        0000B
_INTERRUPT_InterruptManager                    intentry     00004
_LATA                                          (abs)        0010C
_LATB                                          (abs)        0010D
_LATC                                          (abs)        0010E
_LATCbits                                      (abs)        0010E
_ODCONA                                        (abs)        0028C
_ODCONB                                        (abs)        0028D
_ODCONC                                        (abs)        0028E
_OPTION_REGbits                                (abs)        00095
_OSCCON                                        (abs)        00099
_OSCILLATOR_Initialize                         text5        0031A
_OSCTUNE                                       (abs)        00098
_PIE1bits                                      (abs)        00090
_PIN_MANAGER_Initialize                        text4        001CF
_PIR1bits                                      (abs)        00010
_PORTCbits                                     (abs)        0000E
_RB7PPS                                        (abs)        00E9F
_RC1REG                                        (abs)        00199
_RC1STA                                        (abs)        0019D
_RC1STAbits                                    (abs)        0019D
_RCREG                                         (abs)        00199
_RXPPS                                         (abs)        00E24
_SLRCONA                                       (abs)        0030C
_SLRCONB                                       (abs)        0030D
_SLRCONC                                       (abs)        0030E
_SPBRGH                                        (abs)        0019C
_SPBRGL                                        (abs)        0019B
_SYSTEM_Initialize                             text1        002F6
_T1CON                                         (abs)        00018
_T1CONbits                                     (abs)        00018
_T1GCON                                        (abs)        00019
_T1GCONbits                                    (abs)        00019
_TMR1H                                         (abs)        00017
_TMR1L                                         (abs)        00016
_TMR1_CallBack                                 text28       00267
_TMR1_DefaultInterruptHandler                  text29       00357
_TMR1_ISR                                      text26       00303
_TMR1_Initialize                               text2        0029C
_TMR1_InterruptHandler                         nvBANK0      0006B
_TMR1_SetInterruptHandler                      text3        00327
_TMR1_WriteTimer                               text27       002C6
_TRISA                                         (abs)        0008C
_TRISB                                         (abs)        0008D
_TRISC                                         (abs)        0008E
_TX1REG                                        (abs)        0019A
_TX1STA                                        (abs)        0019E
_TX1STAbits                                    (abs)        0019E
_TXREG                                         (abs)        0019A
_WPUA                                          (abs)        0020C
_WPUB                                          (abs)        0020D
_WPUC                                          (abs)        0020E
__Habs1                                        abs1         00000
__Hbank0                                       bank0        00000
__Hbank1                                       bank1        00000
__Hbank10                                      bank10       00000
__Hbank11                                      bank11       00000
__Hbank12                                      bank12       00000
__Hbank13                                      bank13       00000
__Hbank14                                      bank14       00000
__Hbank15                                      bank15       00000
__Hbank16                                      bank16       00000
__Hbank17                                      bank17       00000
__Hbank18                                      bank18       00000
__Hbank19                                      bank19       00000
__Hbank2                                       bank2        00000
__Hbank20                                      bank20       00000
__Hbank21                                      bank21       00000
__Hbank22                                      bank22       00000
__Hbank23                                      bank23       00000
__Hbank24                                      bank24       00000
__Hbank25                                      bank25       00000
__Hbank26                                      bank26       00000
__Hbank27                                      bank27       00000
__Hbank28                                      bank28       00000
__Hbank29                                      bank29       00000
__Hbank3                                       bank3        00000
__Hbank30                                      bank30       00000
__Hbank31                                      bank31       00000
__Hbank4                                       bank4        00000
__Hbank5                                       bank5        00000
__Hbank6                                       bank6        00000
__Hbank7                                       bank7        00000
__Hbank8                                       bank8        00000
__Hbank9                                       bank9        00000
__Hbigram                                      bigram       00000
__HbssBANK0                                    bssBANK0     00000
__HbssCOMMON                                   bssCOMMON    00000
__Hcinit                                       cinit        00029
__Hclrtext                                     clrtext      00000
__Hcode                                        code         00000
__Hcommon                                      common       00000
__Hconfig                                      config       0800A
__HcstackBANK0                                 cstackBANK0  00000
__HcstackBANK1                                 cstackBANK1  00000
__HcstackCOMMON                                cstackCOMMON 00000
__Heeprom_data                                 eeprom_data  00000
__Hend_init                                    end_init     0001B
__Hfunctab                                     functab      00000
__Hheap                                        heap         00000
__Hidloc                                       idloc        08004
__Hinit                                        init         00019
__Hintentry                                    intentry     00019
__Hmaintext                                    maintext     00000
__HnvBANK0                                     nvBANK0      00000
__HnvBANK1                                     nvBANK1      00000
__Hpowerup                                     powerup      00000
__Hram                                         ram          00000
__Hreset_vec                                   reset_vec    00002
__Hsfr0                                        sfr0         00000
__Hsfr1                                        sfr1         00000
__Hsfr10                                       sfr10        00000
__Hsfr11                                       sfr11        00000
__Hsfr12                                       sfr12        00000
__Hsfr13                                       sfr13        00000
__Hsfr14                                       sfr14        00000
__Hsfr15                                       sfr15        00000
__Hsfr16                                       sfr16        00000
__Hsfr17                                       sfr17        00000
__Hsfr18                                       sfr18        00000
__Hsfr19                                       sfr19        00000
__Hsfr2                                        sfr2         00000
__Hsfr20                                       sfr20        00000
__Hsfr21                                       sfr21        00000
__Hsfr22                                       sfr22        00000
__Hsfr23                                       sfr23        00000
__Hsfr24                                       sfr24        00000
__Hsfr25                                       sfr25        00000
__Hsfr26                                       sfr26        00000
__Hsfr27                                       sfr27        00000
__Hsfr28                                       sfr28        00000
__Hsfr29                                       sfr29        00000
__Hsfr3                                        sfr3         00000
__Hsfr30                                       sfr30        00000
__Hsfr31                                       sfr31        00000
__Hsfr4                                        sfr4         00000
__Hsfr5                                        sfr5         00000
__Hsfr6                                        sfr6         00000
__Hsfr7                                        sfr7         00000
__Hsfr8                                        sfr8         00000
__Hsfr9                                        sfr9         00000
__Hspace_0                                     (abs)        00358
__Hspace_1                                     (abs)        000A4
__Hspace_2                                     (abs)        00000
__Hspace_3                                     (abs)        00000
__Hspace_4                                     (abs)        10011
__Hstack                                       stack        00000
__Hstrings                                     strings      00000
__Hstringtext1                                 stringtext1  00000
__Hstringtext2                                 stringtext2  00000
__Htext                                        text         00000
__Labs1                                        abs1         00000
__Lbank0                                       bank0        00000
__Lbank1                                       bank1        00000
__Lbank10                                      bank10       00000
__Lbank11                                      bank11       00000
__Lbank12                                      bank12       00000
__Lbank13                                      bank13       00000
__Lbank14                                      bank14       00000
__Lbank15                                      bank15       00000
__Lbank16                                      bank16       00000
__Lbank17                                      bank17       00000
__Lbank18                                      bank18       00000
__Lbank19                                      bank19       00000
__Lbank2                                       bank2        00000
__Lbank20                                      bank20       00000
__Lbank21                                      bank21       00000
__Lbank22                                      bank22       00000
__Lbank23                                      bank23       00000
__Lbank24                                      bank24       00000
__Lbank25                                      bank25       00000
__Lbank26                                      bank26       00000
__Lbank27                                      bank27       00000
__Lbank28                                      bank28       00000
__Lbank29                                      bank29       00000
__Lbank3                                       bank3        00000
__Lbank30                                      bank30       00000
__Lbank31                                      bank31       00000
__Lbank4                                       bank4        00000
__Lbank5                                       bank5        00000
__Lbank6                                       bank6        00000
__Lbank7                                       bank7        00000
__Lbank8                                       bank8        00000
__Lbank9                                       bank9        00000
__Lbigram                                      bigram       00000
__LbssBANK0                                    bssBANK0     00000
__LbssCOMMON                                   bssCOMMON    00000
__Lcinit                                       cinit        0001B
__Lclrtext                                     clrtext      00000
__Lcode                                        code         00000
__Lcommon                                      common       00000
__Lconfig                                      config       00000
__LcstackBANK0                                 cstackBANK0  00000
__LcstackBANK1                                 cstackBANK1  00000
__LcstackCOMMON                                cstackCOMMON 00000
__Leeprom_data                                 eeprom_data  00000
__Lend_init                                    end_init     00019
__Lfunctab                                     functab      00000
__Lheap                                        heap         00000
__Lidloc                                       idloc        00000
__Linit                                        init         00019
__Lintentry                                    intentry     00004
__Lmaintext                                    maintext     00000
__LnvBANK0                                     nvBANK0      00000
__LnvBANK1                                     nvBANK1      00000
__Lpowerup                                     powerup      00000
__Lram                                         ram          00000
__Lreset_vec                                   reset_vec    00000
__Lsfr0                                        sfr0         00000
__Lsfr1                                        sfr1         00000
__Lsfr10                                       sfr10        00000
__Lsfr11                                       sfr11        00000
__Lsfr12                                       sfr12        00000
__Lsfr13                                       sfr13        00000
__Lsfr14                                       sfr14        00000
__Lsfr15                                       sfr15        00000
__Lsfr16                                       sfr16        00000
__Lsfr17                                       sfr17        00000
__Lsfr18                                       sfr18        00000
__Lsfr19                                       sfr19        00000
__Lsfr2                                        sfr2         00000
__Lsfr20                                       sfr20        00000
__Lsfr21                                       sfr21        00000
__Lsfr22                                       sfr22        00000
__Lsfr23                                       sfr23        00000
__Lsfr24                                       sfr24        00000
__Lsfr25                                       sfr25        00000
__Lsfr26                                       sfr26        00000
__Lsfr27                                       sfr27        00000
__Lsfr28                                       sfr28        00000
__Lsfr29                                       sfr29        00000
__Lsfr3                                        sfr3         00000
__Lsfr30                                       sfr30        00000
__Lsfr31                                       sfr31        00000
__Lsfr4                                        sfr4         00000
__Lsfr5                                        sfr5         00000
__Lsfr6                                        sfr6         00000
__Lsfr7                                        sfr7         00000
__Lsfr8                                        sfr8         00000
__Lsfr9                                        sfr9         00000
__Lspace_0                                     (abs)        00000
__Lspace_1                                     (abs)        00000
__Lspace_2                                     (abs)        00000
__Lspace_3                                     (abs)        00000
__Lspace_4                                     (abs)        00000
__Lstack                                       stack        00000
__Lstrings                                     strings      00000
__Lstringtext1                                 stringtext1  00000
__Lstringtext2                                 stringtext2  00000
__Ltext                                        text         00000
__S0                                           (abs)        00358
__S1                                           (abs)        000A4
___heap_hi                                     (abs)        00000
___heap_lo                                     (abs)        00000
___int_sp                                      stack        00000
___latbits                                     (abs)        00002
___sp                                          stack        00000
___stackhi                                     (abs)        00000
___stacklo                                     (abs)        00000
__end_of_APP_KEY_Initialize                    text24       00357
__end_of_APP_KEY_Tasks                         text23       000F9
__end_of_APP_LED_Initialize                    text22       00354
__end_of_APP_LED_Tasks                         text21       0018D
__end_of_APP_UART_Initialize                   text20       0034F
__end_of_APP_UART_Tasks                        text10       00149
__end_of_DecodeSerial                          text13       00267
__end_of_EUSART_Initialize                     text6        0024C
__end_of_EUSART_SetErrorHandler                text9        0033F
__end_of_EUSART_SetFramingErrorHandler         text8        00339
__end_of_EUSART_SetOverrunErrorHandler         text7        00333
__end_of_EUSART_Write                          text19       0031A
__end_of_EUSART_is_rx_ready                    text12       0034A
__end_of_EUSART_is_tx_ready                    text11       002F6
__end_of_INTERRUPT_InterruptManager            intentry     00019
__end_of_OSCILLATOR_Initialize                 text5        00321
__end_of_PIN_MANAGER_Initialize                text4        00201
__end_of_SYSTEM_Initialize                     text1        00303
__end_of_TMR1_CallBack                         text28       00282
__end_of_TMR1_DefaultInterruptHandler          text29       00358
__end_of_TMR1_ISR                              text26       00310
__end_of_TMR1_Initialize                       text2        002B4
__end_of_TMR1_SetInterruptHandler              text3        0032D
__end_of_TMR1_WriteTimer                       text27       002D7
__end_of__initialization                       cinit        00025
__end_of_fputc                                 text17       001CF
__end_of_main                                  maintext     0029C
__end_of_printf                                text14       002C6
__end_of_putch                                 text18       00345
__end_of_vfpfcnvrt                             text16       000A5
__end_of_vfprintf                              text15       00229
__initialization                               cinit        0001B
__pbssBANK0                                    bssBANK0     00020
__pbssCOMMON                                   bssCOMMON    0007A
__pcstackBANK0                                 cstackBANK0  0004F
__pcstackBANK1                                 cstackBANK1  000A2
__pcstackCOMMON                                cstackCOMMON 00070
__pintentry                                    intentry     00004
__pmaintext                                    maintext     00282
__pnvBANK0                                     nvBANK0      00067
__pnvBANK1                                     nvBANK1      000A0
__pstringtext1                                 stringtext1  002D7
__pstringtext2                                 stringtext2  00000
__ptext1                                       text1        002F6
__ptext10                                      text10       000F9
__ptext11                                      text11       002E7
__ptext12                                      text12       00345
__ptext13                                      text13       0024C
__ptext14                                      text14       002B4
__ptext15                                      text15       00201
__ptext16                                      text16       00029
__ptext17                                      text17       0018D
__ptext18                                      text18       0033F
__ptext19                                      text19       00310
__ptext2                                       text2        0029C
__ptext20                                      text20       0034A
__ptext21                                      text21       00149
__ptext22                                      text22       0034F
__ptext23                                      text23       000A5
__ptext24                                      text24       00354
__ptext26                                      text26       00303
__ptext27                                      text27       002C6
__ptext28                                      text28       00267
__ptext29                                      text29       00357
__ptext3                                       text3        00327
__ptext4                                       text4        001CF
__ptext5                                       text5        0031A
__ptext6                                       text6        00229
__ptext7                                       text7        0032D
__ptext8                                       text8        00333
__ptext9                                       text9        00339
_appkeyData                                    bssCOMMON    0007A
_appledData                                    bssBANK0     00043
_appuartData                                   bssBANK0     00040
_eusartRxLastError                             bssBANK0     0004E
_flags                                         bssBANK0     0004C
_fputc                                         text17       0018D
_main                                          maintext     00282
_nout                                          bssBANK0     00046
_prec                                          bssBANK0     0004A
_printf                                        text14       002B4
_putch                                         text18       0033F
_timer1ReloadVal                               nvBANK0      0006D
_vfpfcnvrt                                     text16       00029
_vfprintf                                      text15       00201
_width                                         bssBANK0     00048
btemp                                          (abs)        0007E
clear_ram0                                     clrtext      00321
end_of_initialization                          cinit        00025
fputc@c                                        cstackCOMMON 00074
fputc@fp                                       cstackCOMMON 00076
int$flags                                      (abs)        0007E
intlevel0                                      functab      00000
intlevel1                                      functab      00000
intlevel2                                      functab      00000
intlevel3                                      functab      00000
intlevel4                                      functab      00000
intlevel5                                      functab      00000
printf@ap                                      cstackBANK0  00064
printf@fmt                                     cstackBANK0  00061
putch@txData                                   cstackCOMMON 00073
reset_vec                                      reset_vec    00000
start                                          init         00019
start_initialization                           cinit        0001B
vfpfcnvrt@ap                                   cstackBANK0  00055
vfpfcnvrt@fmt                                  cstackBANK0  00054
vfpfcnvrt@fp                                   cstackCOMMON 00077
vfprintf@ap                                    cstackBANK0  0005D
vfprintf@cfmt                                  cstackBANK0  0005F
vfprintf@fmt                                   cstackBANK0  0005B
vfprintf@fp                                    cstackBANK0  0005E
wtemp0                                         (abs)        0007E


MODULE INFORMATION

Module		Function		Class		Link	Load	Size
C:\Program Files\Microchip\xc8\v2.36\pic\sources\c99\common\printf.c
		_printf        		CODE           	02B4	0000	18

C:\Program Files\Microchip\xc8\v2.36\pic\sources\c99\common\printf.c estimated size: 18

mcc_generated_files/interrupt_manager.c
		_INTERRUPT_InterruptManager		CODE           	0004	0000	21

mcc_generated_files/interrupt_manager.c estimated size: 21

mcc_generated_files/pin_manager.c
		_PIN_MANAGER_Initialize		CODE           	01CF	0000	50

mcc_generated_files/pin_manager.c estimated size: 50

C:\Program Files\Microchip\xc8\v2.36\pic\sources\c99\common\nf_fputc.c
		_fputc         		CODE           	018D	0000	66

C:\Program Files\Microchip\xc8\v2.36\pic\sources\c99\common\nf_fputc.c estimated size: 66

C:\Program Files\Microchip\xc8\v2.36\pic\sources\c99\common\doprnt.c
		_vfpfcnvrt     		CODE           	0029	0000	124
		_vfprintf      		CODE           	0201	0000	40

C:\Program Files\Microchip\xc8\v2.36\pic\sources\c99\common\doprnt.c estimated size: 164

shared
		__initialization		CODE           	001B	0000	10

shared estimated size: 10

mcc_generated_files/mcc.c
		_OSCILLATOR_Initialize		CODE           	031A	0000	7
		_SYSTEM_Initialize		CODE           	02F6	0000	13

mcc_generated_files/mcc.c estimated size: 20

app.c
		_APP_KEY_Tasks 		CODE           	00A5	0000	84
		_APP_LED_Initialize		CODE           	034F	0000	5
		_APP_KEY_Initialize		CODE           	0354	0000	3
		_APP_UART_Initialize		CODE           	034A	0000	5
		_APP_UART_Tasks		CODE           	00F9	0000	80
		_APP_LED_Tasks 		CODE           	0149	0000	68
		_DecodeSerial  		CODE           	024C	0000	27

app.c estimated size: 272

mcc_generated_files/tmr1.c
		_TMR1_Initialize		CODE           	029C	0000	24
		_TMR1_SetInterruptHandler		CODE           	0327	0000	6
		_TMR1_DefaultInterruptHandler		CODE           	0357	0000	1
		_TMR1_CallBack 		CODE           	0267	0000	27
		_TMR1_WriteTimer		CODE           	02C6	0000	17
		_TMR1_ISR      		CODE           	0303	0000	13

mcc_generated_files/tmr1.c estimated size: 88

mcc_generated_files/eusart.c
		_putch         		CODE           	033F	0000	6
		_EUSART_Write  		CODE           	0310	0000	10
		_EUSART_Initialize		CODE           	0229	0000	35
		_EUSART_SetFramingErrorHandler		CODE           	0333	0000	6
		_EUSART_SetErrorHandler		CODE           	0339	0000	6
		_EUSART_SetOverrunErrorHandler		CODE           	032D	0000	6
		_EUSART_is_rx_ready		CODE           	0345	0000	5
		_EUSART_is_tx_ready		CODE           	02E7	0000	15

mcc_generated_files/eusart.c estimated size: 89

main.c
		_main          		CODE           	0282	0000	26

main.c estimated size: 26

